6 IDENTIFIER aaa
11 IDENTIFIER bbb
12 IDENTIFIER c
12 IDENTIFIER d
15 IDENTIFIER some
17 IDENTIFIER pathological
19 IDENTIFIER comments
22 for
22 IDENTIFIER fun
